---
source: crates/rs_db_parser/src/value.rs
description: "Input: -19\nType: I32"
expression: v
---
(
    LocatedSpan {
        offset: 0,
        line: 1,
        fragment: "-19",
        extra: (),
    },
    I32(
        -19,
    ),
)
