---
source: crates/rs_db_parser/src/value.rs
description: "Input: 'hello'\nType: VarChar(5)"
expression: v
---
(
    LocatedSpan {
        offset: 0,
        line: 1,
        fragment: "'hello'",
        extra: (),
    },
    VarChar(
        "hello",
    ),
)
